.\mvnw.cmd : WARNING: A restricted method in 
java.lang.System has been called
At line:1 char:1
+ .\mvnw.cmd javafx:run 2>&1 | Out-File -FilePath 
run3.log -Encoding UT ...
+ ~~~~~~~~~~~~~~~~~~~~~~~~~~
    + CategoryInfo          : NotSpecified: (WARN 
   ING: A rest...has been called:String) [], Rem  
  oteException
    + FullyQualifiedErrorId : NativeCommandError
 
WARNING: java.lang.System::load has been called 
by org.fusesource.jansi.internal.JansiLoader in 
an unnamed module (file:/C:/Users/user/.m2/wrapper
/dists/apache-maven-3.9.6-bin/439sdfsg2nbdob9ciift
5h5nse/apache-maven-3.9.6/lib/jansi-2.4.0.jar)
WARNING: Use --enable-native-access=ALL-UNNAMED 
to avoid a warning for callers in this module
WARNING: Restricted methods will be blocked in a 
future release unless native access is enabled

WARNING: A terminally deprecated method in 
sun.misc.Unsafe has been called
WARNING: sun.misc.Unsafe::objectFieldOffset has 
been called by com.google.common.util.concurrent.A
bstractFuture$UnsafeAtomicHelper (file:/C:/Users/u
ser/.m2/wrapper/dists/apache-maven-3.9.6-bin/439sd
fsg2nbdob9ciift5h5nse/apache-maven-3.9.6/lib/guava
-32.0.1-jre.jar)
WARNING: Please consider reporting this to the 
maintainers of class com.google.common.util.concur
rent.AbstractFuture$UnsafeAtomicHelper
WARNING: sun.misc.Unsafe::objectFieldOffset will 
be removed in a future release
[INFO] Scanning for projects...
[INFO] 
[INFO] -----------------------< com.library:pos-system >-----------------------
[INFO] Building Library POS System 0.0.1-SNAPSHOT
[INFO]   from pom.xml
[INFO] --------------------------------[ jar ]---------------------------------
[INFO] 
[INFO] >>> javafx:0.0.8:run (default-cli) > process-classes @ pos-system >>>
[INFO] 
[INFO] --- resources:3.3.1:resources (default-resources) @ pos-system ---
[INFO] Copying 2 resources from src\main\resources to target\classes
[INFO] Copying 8 resources from src\main\resources to target\classes
[INFO] 
[INFO] --- compiler:3.11.0:compile (default-compile) @ pos-system ---
[INFO] Nothing to compile - all classes are up to date
[INFO] 
[INFO] <<< javafx:0.0.8:run (default-cli) < process-classes @ pos-system <<<
[INFO] 
[INFO] 
[INFO] --- javafx:0.0.8:run (default-cli) @ pos-system ---
WARNING: A restricted method in java.lang.System 
has been called
WARNING: java.lang.System::load has been called 
by com.sun.glass.utils.NativeLibLoader in module 
javafx.graphics (file:/C:/Users/user/.m2/repositor
y/org/openjfx/javafx-graphics/21/javafx-graphics-2
1-win.jar)
WARNING: Use 
--enable-native-access=javafx.graphics to avoid a 
warning for callers in this module
WARNING: Restricted methods will be blocked in a 
future release unless native access is enabled


  .   ____          _            __ _ _
 /\\ / ___'_ __ _ _(_)_ __  __ _ \ \ \ \
( ( )\___ | '_ | '_| | '_ \/ _` | \ \ \ \
 \\/  ___)| |_)| | | | | || (_| |  ) ) ) )
  '  |____| .__|_| |_|_| |_\__, | / / / /
 =========|_|==============|___/=/_/_/_/
 :: Spring Boot ::                (v3.2.2)

2026-01-25T23:06:55.496+02:00  INFO 32024 --- [Library POS System] [JavaFX-Launcher] o.s.boot.SpringApplication               : Starting application using Java 24.0.1 with PID 32024 (started by user in C:\Users\user\Library-Dr-Khaled)
2026-01-25T23:06:55.500+02:00  INFO 32024 --- [Library POS System] [JavaFX-Launcher] o.s.boot.SpringApplication               : The following 1 profile is active: "mysql"
2026-01-25T23:06:56.564+02:00  INFO 32024 --- [Library POS System] [JavaFX-Launcher] .s.d.r.c.RepositoryConfigurationDelegate : Bootstrapping Spring Data JPA repositories in DEFAULT mode.
2026-01-25T23:06:56.668+02:00  INFO 32024 --- [Library POS System] [JavaFX-Launcher] .s.d.r.c.RepositoryConfigurationDelegate : Finished Spring Data repository scanning in 91 ms. Found 3 JPA repository interfaces.
WARNING: A restricted method in java.lang.System 
has been called
WARNING: java.lang.System::load has been called 
by org.apache.tomcat.jni.Library in an unnamed 
module (file:/C:/Users/user/.m2/repository/org/apa
che/tomcat/embed/tomcat-embed-core/10.1.18/tomcat-
embed-core-10.1.18.jar)
WARNING: Use --enable-native-access=ALL-UNNAMED 
to avoid a warning for callers in this module
WARNING: Restricted methods will be blocked in a 
future release unless native access is enabled

2026-01-25T23:06:57.510+02:00  INFO 32024 --- [Library POS System] [JavaFX-Launcher] o.s.b.w.embedded.tomcat.TomcatWebServer  : Tomcat initialized with port 8080 (http)
2026-01-25T23:06:57.525+02:00  INFO 32024 --- [Library POS System] [JavaFX-Launcher] o.apache.catalina.core.StandardService   : Starting service [Tomcat]
2026-01-25T23:06:57.525+02:00  INFO 32024 --- [Library POS System] [JavaFX-Launcher] o.apache.catalina.core.StandardEngine    : Starting Servlet engine: [Apache Tomcat/10.1.18]
2026-01-25T23:06:57.607+02:00  INFO 32024 --- [Library POS System] [JavaFX-Launcher] o.a.c.c.C.[Tomcat].[localhost].[/]       : Initializing Spring embedded WebApplicationContext
2026-01-25T23:06:57.609+02:00  INFO 32024 --- [Library POS System] [JavaFX-Launcher] w.s.c.ServletWebServerApplicationContext : Root WebApplicationContext: initialization completed in 2029 ms
2026-01-25T23:06:57.901+02:00  INFO 32024 --- [Library POS System] [JavaFX-Launcher] o.hibernate.jpa.internal.util.LogHelper  : HHH000204: Processing PersistenceUnitInfo [name: default]
2026-01-25T23:06:57.960+02:00  INFO 32024 --- [Library POS System] [JavaFX-Launcher] org.hibernate.Version                    : HHH000412: Hibernate ORM core version 6.4.1.Final
2026-01-25T23:06:57.997+02:00  INFO 32024 --- [Library POS System] [JavaFX-Launcher] o.h.c.internal.RegionFactoryInitiator    : HHH000026: Second-level cache disabled
2026-01-25T23:06:58.303+02:00  INFO 32024 --- [Library POS System] [JavaFX-Launcher] o.s.o.j.p.SpringPersistenceUnitInfo      : No LoadTimeWeaver setup: ignoring JPA class transformer
2026-01-25T23:06:58.338+02:00  INFO 32024 --- [Library POS System] [JavaFX-Launcher] com.zaxxer.hikari.HikariDataSource       : HikariPool-1 - Starting...
2026-01-25T23:06:58.541+02:00  INFO 32024 --- [Library POS System] [JavaFX-Launcher] com.zaxxer.hikari.pool.HikariPool        : HikariPool-1 - Added connection com.mysql.cj.jdbc.ConnectionImpl@1a1c40bb
2026-01-25T23:06:58.544+02:00  INFO 32024 --- [Library POS System] [JavaFX-Launcher] com.zaxxer.hikari.HikariDataSource       : HikariPool-1 - Start completed.
2026-01-25T23:06:58.612+02:00  WARN 32024 --- [Library POS System] [JavaFX-Launcher] org.hibernate.dialect.Dialect            : HHH000511: The 5.5.0 version for [org.hibernate.dialect.MySQLDialect] is no longer supported, hence certain features may not work properly. The minimum supported version is 8.0.0. Check the community dialects project for available legacy versions.
2026-01-25T23:06:58.617+02:00  WARN 32024 --- [Library POS System] [JavaFX-Launcher] org.hibernate.orm.deprecation            : HHH90000025: MySQLDialect does not need to be specified explicitly using 'hibernate.dialect' (remove the property setting and it will be selected by default)
2026-01-25T23:06:59.673+02:00  INFO 32024 --- [Library POS System] [JavaFX-Launcher] o.h.e.t.j.p.i.JtaPlatformInitiator       : HHH000489: No JTA platform available (set 'hibernate.transaction.jta.platform' to enable JTA platform integration)
2026-01-25T23:06:59.813+02:00 ERROR 32024 --- [Library POS System] [JavaFX-Launcher] j.LocalContainerEntityManagerFactoryBean : Failed to initialize JPA EntityManagerFactory: [PersistenceUnit: default] Unable to build Hibernate SessionFactory; nested exception is org.hibernate.tool.schema.spi.SchemaManagementException: Schema-validation: wrong column type encountered in column [customer_id] in table [customers]; found [int (Types#INTEGER)], but expecting [bigint (Types#BIGINT)]
2026-01-25T23:06:59.814+02:00  WARN 32024 --- [Library POS System] [JavaFX-Launcher] ConfigServletWebServerApplicationContext : Exception encountered during context initialization - cancelling refresh attempt: org.springframework.beans.factory.BeanCreationException: Error creating bean with name 'entityManagerFactory' defined in class path resource [org/springframework/boot/autoconfigure/orm/jpa/HibernateJpaConfiguration.class]: [PersistenceUnit: default] Unable to build Hibernate SessionFactory; nested exception is org.hibernate.tool.schema.spi.SchemaManagementException: Schema-validation: wrong column type encountered in column [customer_id] in table [customers]; found [int (Types#INTEGER)], but expecting [bigint (Types#BIGINT)]
2026-01-25T23:06:59.815+02:00  INFO 32024 --- [Library POS System] [JavaFX-Launcher] com.zaxxer.hikari.HikariDataSource       : HikariPool-1 - Shutdown initiated...
2026-01-25T23:06:59.824+02:00  INFO 32024 --- [Library POS System] [JavaFX-Launcher] com.zaxxer.hikari.HikariDataSource       : HikariPool-1 - Shutdown completed.
2026-01-25T23:06:59.827+02:00  INFO 32024 --- [Library POS System] [JavaFX-Launcher] o.apache.catalina.core.StandardService   : Stopping service [Tomcat]
2026-01-25T23:06:59.836+02:00  INFO 32024 --- [Library POS System] [JavaFX-Launcher] .s.b.a.l.ConditionEvaluationReportLogger : 

Error starting ApplicationContext. To display the condition evaluation report re-run your application with 'debug' enabled.
2026-01-25T23:06:59.857+02:00 ERROR 32024 --- [Library POS System] [JavaFX-Launcher] o.s.boot.SpringApplication               : Application run failed

org.springframework.beans.factory.BeanCreationException: Error creating bean with name 'entityManagerFactory' defined in class path resource [org/springframework/boot/autoconfigure/orm/jpa/HibernateJpaConfiguration.class]: [PersistenceUnit: default] Unable to build Hibernate SessionFactory; nested exception is org.hibernate.tool.schema.spi.SchemaManagementException: Schema-validation: wrong column type encountered in column [customer_id] in table [customers]; found [int (Types#INTEGER)], but expecting [bigint (Types#BIGINT)]
	at org.springframework.beans.factory.support.AbstractAutowireCapableBeanFactory.initializeBean(AbstractAutowireCapableBeanFactory.java:1773) ~[spring-beans-6.1.3.jar:6.1.3]
	at org.springframework.beans.factory.support.AbstractAutowireCapableBeanFactory.doCreateBean(AbstractAutowireCapableBeanFactory.java:599) ~[spring-beans-6.1.3.jar:6.1.3]
	at org.springframework.beans.factory.support.AbstractAutowireCapableBeanFactory.createBean(AbstractAutowireCapableBeanFactory.java:521) ~[spring-beans-6.1.3.jar:6.1.3]
	at org.springframework.beans.factory.support.AbstractBeanFactory.lambda$doGetBean$0(AbstractBeanFactory.java:325) ~[spring-beans-6.1.3.jar:6.1.3]
	at org.springframework.beans.factory.support.DefaultSingletonBeanRegistry.getSingleton(DefaultSingletonBeanRegistry.java:234) ~[spring-beans-6.1.3.jar:6.1.3]
	at org.springframework.beans.factory.support.AbstractBeanFactory.doGetBean(AbstractBeanFactory.java:323) ~[spring-beans-6.1.3.jar:6.1.3]
	at org.springframework.beans.factory.support.AbstractBeanFactory.getBean(AbstractBeanFactory.java:199) ~[spring-beans-6.1.3.jar:6.1.3]
	at org.springframework.context.support.AbstractApplicationContext.getBean(AbstractApplicationContext.java:1231) ~[spring-context-6.1.3.jar:6.1.3]
	at org.springframework.context.support.AbstractApplicationContext.finishBeanFactoryInitialization(AbstractApplicationContext.java:949) ~[spring-context-6.1.3.jar:6.1.3]
	at org.springframework.context.support.AbstractApplicationContext.refresh(AbstractApplicationContext.java:624) ~[spring-context-6.1.3.jar:6.1.3]
	at org.springframework.boot.web.servlet.context.ServletWebServerApplicationContext.refresh(ServletWebServerApplicationContext.java:146) ~[spring-boot-3.2.2.jar:3.2.2]
	at org.springframework.boot.SpringApplication.refresh(SpringApplication.java:754) ~[spring-boot-3.2.2.jar:3.2.2]
	at org.springframework.boot.SpringApplication.refreshContext(SpringApplication.java:456) ~[spring-boot-3.2.2.jar:3.2.2]
	at org.springframework.boot.SpringApplication.run(SpringApplication.java:334) ~[spring-boot-3.2.2.jar:3.2.2]
	at org.springframework.boot.builder.SpringApplicationBuilder.run(SpringApplicationBuilder.java:149) ~[spring-boot-3.2.2.jar:3.2.2]
	at com.library.pos.LibraryPosApplication.init(LibraryPosApplication.java:21) ~[classes/:na]
	at javafx.graphics@21/com.sun.javafx.application.LauncherImpl.launchApplication1(LauncherImpl.java:817) ~[javafx-graphics-21-win.jar:na]
	at javafx.graphics@21/com.sun.javafx.application.LauncherImpl.lambda$launchApplication$2(LauncherImpl.java:196) ~[javafx-graphics-21-win.jar:na]
	at java.base/java.lang.Thread.run(Thread.java:1447) ~[na:na]
Caused by: jakarta.persistence.PersistenceException: [PersistenceUnit: default] Unable to build Hibernate SessionFactory; nested exception is org.hibernate.tool.schema.spi.SchemaManagementException: Schema-validation: wrong column type encountered in column [customer_id] in table [customers]; found [int (Types#INTEGER)], but expecting [bigint (Types#BIGINT)]
	at org.springframework.orm.jpa.AbstractEntityManagerFactoryBean.buildNativeEntityManagerFactory(AbstractEntityManagerFactoryBean.java:421) ~[spring-orm-6.1.3.jar:6.1.3]
	at org.springframework.orm.jpa.AbstractEntityManagerFactoryBean.afterPropertiesSet(AbstractEntityManagerFactoryBean.java:396) ~[spring-orm-6.1.3.jar:6.1.3]
	at org.springframework.orm.jpa.LocalContainerEntityManagerFactoryBean.afterPropertiesSet(LocalContainerEntityManagerFactoryBean.java:352) ~[spring-orm-6.1.3.jar:6.1.3]
	at org.springframework.beans.factory.support.AbstractAutowireCapableBeanFactory.invokeInitMethods(AbstractAutowireCapableBeanFactory.java:1820) ~[spring-beans-6.1.3.jar:6.1.3]
	at org.springframework.beans.factory.support.AbstractAutowireCapableBeanFactory.initializeBean(AbstractAutowireCapableBeanFactory.java:1769) ~[spring-beans-6.1.3.jar:6.1.3]
	... 18 common frames omitted
Caused by: org.hibernate.tool.schema.spi.SchemaManagementException: Schema-validation: wrong column type encountered in column [customer_id] in table [customers]; found [int (Types#INTEGER)], but expecting [bigint (Types#BIGINT)]
	at org.hibernate.tool.schema.internal.AbstractSchemaValidator.validateColumnType(AbstractSchemaValidator.java:165) ~[hibernate-core-6.4.1.Final.jar:6.4.1.Final]
	at org.hibernate.tool.schema.internal.AbstractSchemaValidator.validateTable(AbstractSchemaValidator.java:152) ~[hibernate-core-6.4.1.Final.jar:6.4.1.Final]
	at org.hibernate.tool.schema.internal.GroupedSchemaValidatorImpl.validateTables(GroupedSchemaValidatorImpl.java:46) ~[hibernate-core-6.4.1.Final.jar:6.4.1.Final]
	at org.hibernate.tool.schema.internal.AbstractSchemaValidator.performValidation(AbstractSchemaValidator.java:97) ~[hibernate-core-6.4.1.Final.jar:6.4.1.Final]
	at org.hibernate.tool.schema.internal.AbstractSchemaValidator.doValidation(AbstractSchemaValidator.java:75) ~[hibernate-core-6.4.1.Final.jar:6.4.1.Final]
	at org.hibernate.tool.schema.spi.SchemaManagementToolCoordinator.performDatabaseAction(SchemaManagementToolCoordinator.java:295) ~[hibernate-core-6.4.1.Final.jar:6.4.1.Final]
Exception in Application init method
	at org.hibernate.tool.schema.spi.SchemaManagementToolCoordinator.lambda$process$5(SchemaManagementToolCoordinator.java:145) ~[hibernate-core-6.4.1.Final.jar:6.4.1.Final]
	at java.base/java.util.HashMap.forEach(HashMap.java:1430) ~[na:na]
	at org.hibernate.tool.schema.spi.SchemaManagementToolCoordinator.process(SchemaManagementToolCoordinator.java:142) ~[hibernate-core-6.4.1.Final.jar:6.4.1.Final]
	at org.hibernate.boot.internal.SessionFactoryObserverForSchemaExport.sessionFactoryCreated(SessionFactoryObserverForSchemaExport.java:37) ~[hibernate-core-6.4.1.Final.jar:6.4.1.Final]
	at org.hibernate.internal.SessionFactoryObserverChain.sessionFactoryCreated(SessionFactoryObserverChain.java:35) ~[hibernate-core-6.4.1.Final.jar:6.4.1.Final]
	at org.hibernate.internal.SessionFactoryImpl.<init>(SessionFactoryImpl.java:315) ~[hibernate-core-6.4.1.Final.jar:6.4.1.Final]
	at org.hibernate.boot.internal.SessionFactoryBuilderImpl.build(SessionFactoryBuilderImpl.java:450) ~[hibernate-core-6.4.1.Final.jar:6.4.1.Final]
	at org.hibernate.jpa.boot.internal.EntityManagerFactoryBuilderImpl.build(EntityManagerFactoryBuilderImpl.java:1507) ~[hibernate-core-6.4.1.Final.jar:6.4.1.Final]
	at org.springframework.orm.jpa.vendor.SpringHibernateJpaPersistenceProvider.createContainerEntityManagerFactory(SpringHibernateJpaPersistenceProvider.java:75) ~[spring-orm-6.1.3.jar:6.1.3]
	at org.springframework.orm.jpa.LocalContainerEntityManagerFactoryBean.createNativeEntityManagerFactory(LocalContainerEntityManagerFactoryBean.java:376) ~[spring-orm-6.1.3.jar:6.1.3]
	at org.springframework.orm.jpa.AbstractEntityManagerFactoryBean.buildNativeEntityManagerFactory(AbstractEntityManagerFactoryBean.java:409) ~[spring-orm-6.1.3.jar:6.1.3]
	... 22 common frames omitted

Exception in thread "main" 
java.lang.RuntimeException: Exception in 
Application init method
	at javafx.graphics@21/com.sun.javafx.application.
LauncherImpl.launchApplication1(LauncherImpl.java:
888)
	at javafx.graphics@21/com.sun.javafx.application.
LauncherImpl.lambda$launchApplication$2(LauncherIm
pl.java:196)
	at 
java.base/java.lang.Thread.run(Thread.java:1447)
Caused by: org.springframework.beans.factory.BeanC
reationException: Error creating bean with name 
'entityManagerFactory' defined in class path 
resource [org/springframework/boot/autoconfigure/o
rm/jpa/HibernateJpaConfiguration.class]: 
[PersistenceUnit: default] Unable to build 
Hibernate SessionFactory; nested exception is org.
hibernate.tool.schema.spi.SchemaManagementExceptio
n: Schema-validation: wrong column type 
encountered in column [customer_id] in table 
[customers]; found [int (Types#INTEGER)], but 
expecting [bigint (Types#BIGINT)]
	at org.springframework.beans.factory.support.Abst
ractAutowireCapableBeanFactory.initializeBean(Abst
ractAutowireCapableBeanFactory.java:1773)
	at org.springframework.beans.factory.support.Abst
ractAutowireCapableBeanFactory.doCreateBean(Abstra
ctAutowireCapableBeanFactory.java:599)
	at org.springframework.beans.factory.support.Abst
ractAutowireCapableBeanFactory.createBean(Abstract
AutowireCapableBeanFactory.java:521)
	at org.springframework.beans.factory.support.Abst
ractBeanFactory.lambda$doGetBean$0(AbstractBeanFac
tory.java:325)
	at org.springframework.beans.factory.support.Defa
ultSingletonBeanRegistry.getSingleton(DefaultSingl
etonBeanRegistry.java:234)
	at org.springframework.beans.factory.support.Abst
ractBeanFactory.doGetBean(AbstractBeanFactory.java
:323)
	at org.springframework.beans.factory.support.Abst
ractBeanFactory.getBean(AbstractBeanFactory.java:1
99)
	at org.springframework.context.support.AbstractAp
plicationContext.getBean(AbstractApplicationContex
t.java:1231)
	at org.springframework.context.support.AbstractAp
plicationContext.finishBeanFactoryInitialization(A
bstractApplicationContext.java:949)
	at org.springframework.context.support.AbstractAp
plicationContext.refresh(AbstractApplicationContex
t.java:624)
	at org.springframework.boot.web.servlet.context.S
ervletWebServerApplicationContext.refresh(ServletW
ebServerApplicationContext.java:146)
	at org.springframework.boot.SpringApplication.ref
resh(SpringApplication.java:754)
	at org.springframework.boot.SpringApplication.ref
reshContext(SpringApplication.java:456)
	at org.springframework.boot.SpringApplication.run
(SpringApplication.java:334)
	at org.springframework.boot.builder.SpringApplica
tionBuilder.run(SpringApplicationBuilder.java:149)
	at com.library.pos.LibraryPosApplication.init(Lib
raryPosApplication.java:21)
	at javafx.graphics@21/com.sun.javafx.application.
LauncherImpl.launchApplication1(LauncherImpl.java:
817)
	... 2 more
Caused by: 
jakarta.persistence.PersistenceException: 
[PersistenceUnit: default] Unable to build 
Hibernate SessionFactory; nested exception is org.
hibernate.tool.schema.spi.SchemaManagementExceptio
n: Schema-validation: wrong column type 
encountered in column [customer_id] in table 
[customers]; found [int (Types#INTEGER)], but 
expecting [bigint (Types#BIGINT)]
	at org.springframework.orm.jpa.AbstractEntityMana
gerFactoryBean.buildNativeEntityManagerFactory(Abs
tractEntityManagerFactoryBean.java:421)
	at org.springframework.orm.jpa.AbstractEntityMana
gerFactoryBean.afterPropertiesSet(AbstractEntityMa
nagerFactoryBean.java:396)
	at org.springframework.orm.jpa.LocalContainerEnti
tyManagerFactoryBean.afterPropertiesSet(LocalConta
inerEntityManagerFactoryBean.java:352)
	at org.springframework.beans.factory.support.Abst
ractAutowireCapableBeanFactory.invokeInitMethods(A
bstractAutowireCapableBeanFactory.java:1820)
	at org.springframework.beans.factory.support.Abst
ractAutowireCapableBeanFactory.initializeBean(Abst
ractAutowireCapableBeanFactory.java:1769)
	... 18 more
Caused by: org.hibernate.tool.schema.spi.SchemaMan
agementException: Schema-validation: wrong column 
type encountered in column [customer_id] in table 
[customers]; found [int (Types#INTEGER)], but 
expecting [bigint (Types#BIGINT)]
	at org.hibernate.tool.schema.internal.AbstractSch
emaValidator.validateColumnType(AbstractSchemaVali
dator.java:165)
	at org.hibernate.tool.schema.internal.AbstractSch
emaValidator.validateTable(AbstractSchemaValidator
.java:152)
	at org.hibernate.tool.schema.internal.GroupedSche
maValidatorImpl.validateTables(GroupedSchemaValida
torImpl.java:46)
	at org.hibernate.tool.schema.internal.AbstractSch
emaValidator.performValidation(AbstractSchemaValid
ator.java:97)
	at org.hibernate.tool.schema.internal.AbstractSch
emaValidator.doValidation(AbstractSchemaValidator.
java:75)
	at org.hibernate.tool.schema.spi.SchemaManagement
ToolCoordinator.performDatabaseAction(SchemaManage
mentToolCoordinator.java:295)
	at org.hibernate.tool.schema.spi.SchemaManagement
ToolCoordinator.lambda$process$5(SchemaManagementT
oolCoordinator.java:145)
	at java.base/java.util.HashMap.forEach(HashMap.ja
va:1430)
	at org.hibernate.tool.schema.spi.SchemaManagement
ToolCoordinator.process(SchemaManagementToolCoordi
nator.java:142)
	at org.hibernate.boot.internal.SessionFactoryObse
rverForSchemaExport.sessionFactoryCreated(SessionF
actoryObserverForSchemaExport.java:37)
	at org.hibernate.internal.SessionFactoryObserverC
hain.sessionFactoryCreated(SessionFactoryObserverC
hain.java:35)
	at org.hibernate.internal.SessionFactoryImpl.<ini
t>(SessionFactoryImpl.java:315)
	at org.hibernate.boot.internal.SessionFactoryBuil
derImpl.build(SessionFactoryBuilderImpl.java:450)
	at org.hibernate.jpa.boot.internal.EntityManagerF
actoryBuilderImpl.build(EntityManagerFactoryBuilde
rImpl.java:1507)
	at org.springframework.orm.jpa.vendor.SpringHiber
nateJpaPersistenceProvider.createContainerEntityMa
nagerFactory(SpringHibernateJpaPersistenceProvider
.java:75)
	at org.springframework.orm.jpa.LocalContainerEnti
tyManagerFactoryBean.createNativeEntityManagerFact
ory(LocalContainerEntityManagerFactoryBean.java:37
6)
	at org.springframework.orm.jpa.AbstractEntityMana
gerFactoryBean.buildNativeEntityManagerFactory(Abs
tractEntityManagerFactoryBean.java:409)
	... 22 more
[ERROR] Command execution failed.
org.apache.commons.exec.ExecuteException: Process exited with an error: 1 (Exit value: 1)
    at org.apache.commons.exec.DefaultExecutor.executeInternal (DefaultExecutor.java:404)
    at org.apache.commons.exec.DefaultExecutor.execute (DefaultExecutor.java:166)
    at org.openjfx.JavaFXBaseMojo.executeCommandLine (JavaFXBaseMojo.java:567)
    at org.openjfx.JavaFXBaseMojo.executeCommandLine (JavaFXBaseMojo.java:434)
    at org.openjfx.JavaFXRunMojo.execute (JavaFXRunMojo.java:105)
    at org.apache.maven.plugin.DefaultBuildPluginManager.executeMojo (DefaultBuildPluginManager.java:126)
    at org.apache.maven.lifecycle.internal.MojoExecutor.doExecute2 (MojoExecutor.java:328)
    at org.apache.maven.lifecycle.internal.MojoExecutor.doExecute (MojoExecutor.java:316)
    at org.apache.maven.lifecycle.internal.MojoExecutor.execute (MojoExecutor.java:212)
    at org.apache.maven.lifecycle.internal.MojoExecutor.execute (MojoExecutor.java:174)
    at org.apache.maven.lifecycle.internal.MojoExecutor.access$000 (MojoExecutor.java:75)
    at org.apache.maven.lifecycle.internal.MojoExecutor$1.run (MojoExecutor.java:162)
    at org.apache.maven.plugin.DefaultMojosExecutionStrategy.execute (DefaultMojosExecutionStrategy.java:39)
    at org.apache.maven.lifecycle.internal.MojoExecutor.execute (MojoExecutor.java:159)
    at org.apache.maven.lifecycle.internal.LifecycleModuleBuilder.buildProject (LifecycleModuleBuilder.java:105)
    at org.apache.maven.lifecycle.internal.LifecycleModuleBuilder.buildProject (LifecycleModuleBuilder.java:73)
    at org.apache.maven.lifecycle.internal.builder.singlethreaded.SingleThreadedBuilder.build (SingleThreadedBuilder.java:53)
    at org.apache.maven.lifecycle.internal.LifecycleStarter.execute (LifecycleStarter.java:118)
    at org.apache.maven.DefaultMaven.doExecute (DefaultMaven.java:261)
    at org.apache.maven.DefaultMaven.doExecute (DefaultMaven.java:173)
    at org.apache.maven.DefaultMaven.execute (DefaultMaven.java:101)
    at org.apache.maven.cli.MavenCli.execute (MavenCli.java:906)
    at org.apache.maven.cli.MavenCli.doMain (MavenCli.java:283)
    at org.apache.maven.cli.MavenCli.main (MavenCli.java:206)
    at jdk.internal.reflect.DirectMethodHandleAccessor.invoke (DirectMethodHandleAccessor.java:104)
    at java.lang.reflect.Method.invoke (Method.java:565)
    at org.codehaus.plexus.classworlds.launcher.Launcher.launchEnhanced (Launcher.java:283)
    at org.codehaus.plexus.classworlds.launcher.Launcher.launch (Launcher.java:226)
    at org.codehaus.plexus.classworlds.launcher.Launcher.mainWithExitCode (Launcher.java:407)
    at org.codehaus.plexus.classworlds.launcher.Launcher.main (Launcher.java:348)
    at jdk.internal.reflect.DirectMethodHandleAccessor.invoke (DirectMethodHandleAccessor.java:104)
    at java.lang.reflect.Method.invoke (Method.java:565)
    at org.apache.maven.wrapper.BootstrapMainStarter.start (BootstrapMainStarter.java:39)
    at org.apache.maven.wrapper.WrapperExecutor.execute (WrapperExecutor.java:122)
    at org.apache.maven.wrapper.MavenWrapperMain.main (MavenWrapperMain.java:60)
org.apache.commons.exec.ExecuteException: Process 
exited with an error: 1 (Exit value: 1)
	at org.apache.commons.exec.DefaultExecutor.execut
eInternal(DefaultExecutor.java:404)
	at org.apache.commons.exec.DefaultExecutor.execut
e(DefaultExecutor.java:166)
	at org.openjfx.JavaFXBaseMojo.executeCommandLine(
JavaFXBaseMojo.java:567)
	at org.openjfx.JavaFXBaseMojo.executeCommandLine(
JavaFXBaseMojo.java:434)
	at org.openjfx.JavaFXRunMojo.execute(JavaFXRunMoj
o.java:105)
	at org.apache.maven.plugin.DefaultBuildPluginMana
ger.executeMojo(DefaultBuildPluginManager.java:126
)
	at org.apache.maven.lifecycle.internal.MojoExecut
or.doExecute2(MojoExecutor.java:328)
	at org.apache.maven.lifecycle.internal.MojoExecut
or.doExecute(MojoExecutor.java:316)
	at org.apache.maven.lifecycle.internal.MojoExecut
or.execute(MojoExecutor.java:212)
	at org.apache.maven.lifecycle.internal.MojoExecut
or.execute(MojoExecutor.java:174)
	at org.apache.maven.lifecycle.internal.MojoExecut
or.access$000(MojoExecutor.java:75)
	at org.apache.maven.lifecycle.internal.MojoExecut
or$1.run(MojoExecutor.java:162)
	at org.apache.maven.plugin.DefaultMojosExecutionS
trategy.execute(DefaultMojosExecutionStrategy.java
:39)
	at org.apache.maven.lifecycle.internal.MojoExecut
or.execute(MojoExecutor.java:159)
	at org.apache.maven.lifecycle.internal.LifecycleM
oduleBuilder.buildProject(LifecycleModuleBuilder.j
ava:105)
	at org.apache.maven.lifecycle.internal.LifecycleM
oduleBuilder.buildProject(LifecycleModuleBuilder.j
ava:73)
	at org.apache.maven.lifecycle.internal.builder.si
nglethreaded.SingleThreadedBuilder.build(SingleThr
eadedBuilder.java:53)
	at org.apache.maven.lifecycle.internal.LifecycleS
tarter.execute(LifecycleStarter.java:118)
	at org.apache.maven.DefaultMaven.doExecute(Defaul
tMaven.java:261)
	at org.apache.maven.DefaultMaven.doExecute(Defaul
tMaven.java:173)
	at org.apache.maven.DefaultMaven.execute(DefaultM
aven.java:101)
	at org.apache.maven.cli.MavenCli.execute(MavenCli
.java:906)
	at org.apache.maven.cli.MavenCli.doMain(MavenCli.
java:283)
	at org.apache.maven.cli.MavenCli.main(MavenCli.ja
va:206)
	at java.base/jdk.internal.reflect.DirectMethodHan
dleAccessor.invoke(DirectMethodHandleAccessor.java
:104)
	at java.base/java.lang.reflect.Method.invoke(Meth
od.java:565)
	at org.codehaus.plexus.classworlds.launcher.Launc
her.launchEnhanced(Launcher.java:283)
	at org.codehaus.plexus.classworlds.launcher.Launc
her.launch(Launcher.java:226)
	at org.codehaus.plexus.classworlds.launcher.Launc
her.mainWithExitCode(Launcher.java:407)
	at org.codehaus.plexus.classworlds.launcher.Launc
her.main(Launcher.java:348)
	at java.base/jdk.internal.reflect.DirectMethodHan
dleAccessor.invoke(DirectMethodHandleAccessor.java
:104)
	at java.base/java.lang.reflect.Method.invoke(Meth
od.java:565)
	at org.apache.maven.wrapper.BootstrapMainStarter.
start(BootstrapMainStarter.java:39)
	at org.apache.maven.wrapper.WrapperExecutor.execu
te(WrapperExecutor.java:122)
	at org.apache.maven.wrapper.MavenWrapperMain.main
(MavenWrapperMain.java:60)
[INFO] ------------------------------------------------------------------------
[INFO] BUILD FAILURE
[INFO] ------------------------------------------------------------------------
[INFO] Total time:  8.693 s
[INFO] Finished at: 2026-01-25T23:07:00+02:00
[INFO] ------------------------------------------------------------------------
[ERROR] Failed to execute goal org.openjfx:javafx-maven-plugin:0.0.8:run (default-cli) on project pos-system: Error: Command execution failed. Process exited with an error: 1 (Exit value: 1) -> [Help 1]
[ERROR] 
[ERROR] To see the full stack trace of the errors, re-run Maven with the -e switch.
[ERROR] Re-run Maven using the -X switch to enable full debug logging.
[ERROR] 
[ERROR] For more information about the errors and possible solutions, please read the following articles:
[ERROR] [Help 1] http://cwiki.apache.org/confluence/display/MAVEN/MojoExecutionException
